python : C:\Users\Usuario\
AppData\Local\Programs\Pyt
hon\Python313\Lib\site-pac
kages\web3\__init__.py:2: 
UserWarning: 
pkg_resources is 
deprecated as an API. See 
https://setuptools.pypa.io
/en/latest/pkg_resources.h
tml. The pkg_resources 
package is slated for 
removal as early as 
2025-11-30. Refrain from 
using this package or pin 
to Setuptools<81.
No linha:1 caractere:1
+ python -m pytest tests/ 
> pytest_output.txt 2>&1
+ ~~~~~~~~~~~~~~~~~~~~~~~~
~~~~~~~~~~~~~~~~~~~~~~~~
    + CategoryInfo        
      : NotSpecified: (C  
  :\Users\Usuari... Set   
 uptools<81.:String) [    
], RemoteException
    + FullyQualifiedError 
   Id : NativeCommandErr  
  or
 
  import pkg_resources
C:\Users\Usuario\AppData\L
ocal\Programs\Python\Pytho
n313\Lib\site-packages\req
uests\__init__.py:113: Req
uestsDependencyWarning: 
urllib3 (2.6.3) or 
chardet (7.4.3)/charset_no
rmalizer (3.4.4) doesn't 
match a supported version!
  warnings.warn(
============================= test session starts =============================
platform win32 -- Python 3.13.12, pytest-9.0.3, pluggy-1.6.0
rootdir: C:\Source\Repos\h2v-trust
plugins: anyio-3.7.1, web3-6.11.0
collected 63 items / 8 errors

=================================== ERRORS ====================================
___________ ERROR collecting tests/archive/test_account_balance.py ____________
ImportError while importing test module 'C:\Source\Repos\h2v-trust\tests\archive\test_account_balance.py'.
Hint: make sure your test modules/packages have valid Python names.
Traceback:
C:\Users\Usuario\AppData\Local\Programs\Python\Python313\Lib\importlib\__init__.py:88: in import_module
    return _bootstrap._gcd_import(name[level:], package, level)
           ^^^^^^^^^^^^^^^^^^^^^^^^^^^^^^^^^^^^^^^^^^^^^^^^^^^^
tests\archive\test_account_balance.py:5: in <module>
    from backend.blockchain.web3_client import init_web3
backend\blockchain\web3_client.py:6: in <module>
    from config import settings
E   ModuleNotFoundError: No module named 'config'
_________________ ERROR collecting tests/archive/test_api.py __________________
ImportError while importing test module 'C:\Source\Repos\h2v-trust\tests\archive\test_api.py'.
Hint: make sure your test modules/packages have valid Python names.
Traceback:
C:\Users\Usuario\AppData\Local\Programs\Python\Python313\Lib\importlib\__init__.py:88: in import_module
    return _bootstrap._gcd_import(name[level:], package, level)
           ^^^^^^^^^^^^^^^^^^^^^^^^^^^^^^^^^^^^^^^^^^^^^^^^^^^^
tests\archive\test_api.py:9: in <module>
    from backend.db.database import SessionLocal
backend\db\database.py:12: in <module>
    from config import settings
E   ModuleNotFoundError: No module named 'config'
______________ ERROR collecting tests/archive/test_api_clean.py _______________
ImportError while importing test module 'C:\Source\Repos\h2v-trust\tests\archive\test_api_clean.py'.
Hint: make sure your test modules/packages have valid Python names.
Traceback:
C:\Users\Usuario\AppData\Local\Programs\Python\Python313\Lib\importlib\__init__.py:88: in import_module
    return _bootstrap._gcd_import(name[level:], package, level)
           ^^^^^^^^^^^^^^^^^^^^^^^^^^^^^^^^^^^^^^^^^^^^^^^^^^^^
tests\archive\test_api_clean.py:11: in <module>
    from backend.core.compliance import CBAMComplianceChecker
backend\core\compliance.py:5: in <module>
    from core.constants import (
E   ModuleNotFoundError: No module named 'core'
_____________ ERROR collecting tests/archive/test_api_detailed.py _____________
ImportError while importing test module 'C:\Source\Repos\h2v-trust\tests\archive\test_api_detailed.py'.
Hint: make sure your test modules/packages have valid Python names.
Traceback:
C:\Users\Usuario\AppData\Local\Programs\Python\Python313\Lib\importlib\__init__.py:88: in import_module
    return _bootstrap._gcd_import(name[level:], package, level)
           ^^^^^^^^^^^^^^^^^^^^^^^^^^^^^^^^^^^^^^^^^^^^^^^^^^^^
tests\archive\test_api_detailed.py:11: in <module>
    from backend.core.compliance import CBAMComplianceChecker
backend\core\compliance.py:5: in <module>
    from core.constants import (
E   ModuleNotFoundError: No module named 'core'
______________ ERROR collecting tests/archive/test_api_route.py _______________
ImportError while importing test module 'C:\Source\Repos\h2v-trust\tests\archive\test_api_route.py'.
Hint: make sure your test modules/packages have valid Python names.
Traceback:
C:\Users\Usuario\AppData\Local\Programs\Python\Python313\Lib\importlib\__init__.py:88: in import_module
    return _bootstrap._gcd_import(name[level:], package, level)
           ^^^^^^^^^^^^^^^^^^^^^^^^^^^^^^^^^^^^^^^^^^^^^^^^^^^^
tests\archive\test_api_route.py:9: in <module>
    from backend.api.dependencies.db import get_db
backend\api\dependencies\db.py:1: in <module>
    from db.database import get_db as get_db_session
E   ModuleNotFoundError: No module named 'db'
_____________ ERROR collecting tests/archive/test_direct_mock.py ______________
tests\archive\test_direct_mock.py:20: in <module>
    result = mock_event.process_receipt({"transactionHash": "0x" + "0" * 64})
             ^^^^^^^^^^^^^^^^^^^^^^^^^^^^^^^^^^^^^^^^^^^^^^^^^^^^^^^^^^^^^^^^
C:\Users\Usuario\AppData\Local\Programs\Python\Python313\Lib\site-packages\eth_utils\decorators.py:28: in _wrapper
    return self.method(obj, *args, **kwargs)
           ^^^^^^^^^^^^^^^^^^^^^^^^^^^^^^^^^
C:\Users\Usuario\AppData\Local\Programs\Python\Python313\Lib\site-packages\web3\contract\base_contract.py:158: in process_receipt
    return self._parse_logs(txn_receipt, errors)
           ^^^^^^^^^^^^^^^^^^^^^^^^^^^^^^^^^^^^^
C:\Users\Usuario\AppData\Local\Programs\Python\Python313\Lib\site-packages\eth_utils\functional.py:49: in inner
    return callback(fn(*args, **kwargs))
           ^^^^^^^^^^^^^^^^^^^^^^^^^^^^^
C:\Users\Usuario\AppData\Local\Programs\Python\Python313\Lib\site-packages\web3\contract\base_contract.py:171: in _parse_logs
    for log in txn_receipt["logs"]:
               ^^^^^^^^^^^^^^^^^^^
E   KeyError: 'logs'
------------------------------- Captured stdout -------------------------------
Testing mock Web3 token_id generation...
============================================================
Testing token_id generation...
_________________ ERROR collecting tests/archive/test_flow.py _________________
tests\archive\test_flow.py:36: in <module>
    print(f"   GHG limit: {compliance_result['ghg_limit']} kgCO2/kgH2")
                           ^^^^^^^^^^^^^^^^^^^^^^^^^^^^^^
E   KeyError: 'ghg_limit'
------------------------------- Captured stdout -------------------------------
Testing H2V-Trust flow...
============================================================
1. Telemetry data created:
   Sensor ID: test_sensor_01
   Energy source: wind
   Emissions: 2.8 kgCO2/kgH2
   Water consumption: 150.0 L

2. Checking CBAM compliance...
   Is compliant: True
__________________ ERROR collecting tests/test_compliance.py __________________
import file mismatch:
imported module 'test_compliance' has this __file__ attribute:
  C:\Source\Repos\h2v-trust\tests\archive\test_compliance.py
which is not the same as the test file we want to collect:
  C:\Source\Repos\h2v-trust\tests\test_compliance.py
HINT: remove __pycache__ / .pyc files and/or use a unique basename for your test file modules
============================== warnings summary ===============================
backend\db\database.py:55
backend\db\database.py:55
  C:\Source\Repos\h2v-trust\backend\db\database.py:55: MovedIn20Warning: The ``declarative_base()`` function is now available as sqlalchemy.orm.declarative_base(). (deprecated since: 2.0) (Background on SQLAlchemy 2.0 at: https://sqlalche.me/e/b8d9)
    Base = declarative_base()

..\..\..\Users\Usuario\AppData\Local\Programs\Python\Python313\Lib\site-packages\reportlab\lib\rl_safe_eval.py:11
  C:\Users\Usuario\AppData\Local\Programs\Python\Python313\Lib\site-packages\reportlab\lib\rl_safe_eval.py:11: DeprecationWarning: ast.NameConstant is deprecated and will be removed in Python 3.14; use ast.Constant instead
    haveNameConstant = hasattr(ast,'NameConstant')

-- Docs: https://docs.pytest.org/en/stable/how-to/capture-warnings.html
=========================== short test summary info ===========================
ERROR tests/archive/test_account_balance.py
ERROR tests/archive/test_api.py
ERROR tests/archive/test_api_clean.py
ERROR tests/archive/test_api_detailed.py
ERROR tests/archive/test_api_route.py
ERROR tests/archive/test_direct_mock.py - KeyError: 'logs'
ERROR tests/archive/test_flow.py - KeyError: 'ghg_limit'
ERROR tests/test_compliance.py
!!!!!!!!!!!!!!!!!!! Interrupted: 8 errors during collection !!!!!!!!!!!!!!!!!!!
======================== 3 warnings, 8 errors in 1.84s ========================
